Archive member included to satisfy reference by file (symbol)

C:/ST/STM32CubeIDE_1.15.1/STM32CubeIDE/plugins/com.st.stm32cube.ide.mcu.externaltools.gnu-tools-for-stm32.12.3.rel1.win32_1.1.0.202410251130/tools/bin/../lib/gcc/arm-none-eabi/12.3.1/../../../../arm-none-eabi/lib/thumb/v7-m/nofp\libc_nano.a(libc_a-exit.o)
                              C:/ST/STM32CubeIDE_1.15.1/STM32CubeIDE/plugins/com.st.stm32cube.ide.mcu.externaltools.gnu-tools-for-stm32.12.3.rel1.win32_1.1.0.202410251130/tools/bin/../lib/gcc/arm-none-eabi/12.3.1/../../../../arm-none-eabi/lib/thumb/v7-m/nofp/crt0.o (exit)
C:/ST/STM32CubeIDE_1.15.1/STM32CubeIDE/plugins/com.st.stm32cube.ide.mcu.externaltools.gnu-tools-for-stm32.12.3.rel1.win32_1.1.0.202410251130/tools/bin/../lib/gcc/arm-none-eabi/12.3.1/../../../../arm-none-eabi/lib/thumb/v7-m/nofp\libc_nano.a(libc_a-findfp.o)
                              C:/ST/STM32CubeIDE_1.15.1/STM32CubeIDE/plugins/com.st.stm32cube.ide.mcu.externaltools.gnu-tools-for-stm32.12.3.rel1.win32_1.1.0.202410251130/tools/bin/../lib/gcc/arm-none-eabi/12.3.1/../../../../arm-none-eabi/lib/thumb/v7-m/nofp\libc_nano.a(libc_a-exit.o) (__stdio_exit_handler)
C:/ST/STM32CubeIDE_1.15.1/STM32CubeIDE/plugins/com.st.stm32cube.ide.mcu.externaltools.gnu-tools-for-stm32.12.3.rel1.win32_1.1.0.202410251130/tools/bin/../lib/gcc/arm-none-eabi/12.3.1/../../../../arm-none-eabi/lib/thumb/v7-m/nofp\libc_nano.a(libc_a-fwalk.o)
                              C:/ST/STM32CubeIDE_1.15.1/STM32CubeIDE/plugins/com.st.stm32cube.ide.mcu.externaltools.gnu-tools-for-stm32.12.3.rel1.win32_1.1.0.202410251130/tools/bin/../lib/gcc/arm-none-eabi/12.3.1/../../../../arm-none-eabi/lib/thumb/v7-m/nofp\libc_nano.a(libc_a-findfp.o) (_fwalk_sglue)
C:/ST/STM32CubeIDE_1.15.1/STM32CubeIDE/plugins/com.st.stm32cube.ide.mcu.externaltools.gnu-tools-for-stm32.12.3.rel1.win32_1.1.0.202410251130/tools/bin/../lib/gcc/arm-none-eabi/12.3.1/../../../../arm-none-eabi/lib/thumb/v7-m/nofp\libc_nano.a(libc_a-stdio.o)
                              C:/ST/STM32CubeIDE_1.15.1/STM32CubeIDE/plugins/com.st.stm32cube.ide.mcu.externaltools.gnu-tools-for-stm32.12.3.rel1.win32_1.1.0.202410251130/tools/bin/../lib/gcc/arm-none-eabi/12.3.1/../../../../arm-none-eabi/lib/thumb/v7-m/nofp\libc_nano.a(libc_a-findfp.o) (__sread)
C:/ST/STM32CubeIDE_1.15.1/STM32CubeIDE/plugins/com.st.stm32cube.ide.mcu.externaltools.gnu-tools-for-stm32.12.3.rel1.win32_1.1.0.202410251130/tools/bin/../lib/gcc/arm-none-eabi/12.3.1/../../../../arm-none-eabi/lib/thumb/v7-m/nofp\libc_nano.a(libc_a-memset.o)
                              C:/ST/STM32CubeIDE_1.15.1/STM32CubeIDE/plugins/com.st.stm32cube.ide.mcu.externaltools.gnu-tools-for-stm32.12.3.rel1.win32_1.1.0.202410251130/tools/bin/../lib/gcc/arm-none-eabi/12.3.1/../../../../arm-none-eabi/lib/thumb/v7-m/nofp/crt0.o (memset)
C:/ST/STM32CubeIDE_1.15.1/STM32CubeIDE/plugins/com.st.stm32cube.ide.mcu.externaltools.gnu-tools-for-stm32.12.3.rel1.win32_1.1.0.202410251130/tools/bin/../lib/gcc/arm-none-eabi/12.3.1/../../../../arm-none-eabi/lib/thumb/v7-m/nofp\libc_nano.a(libc_a-closer.o)
                              C:/ST/STM32CubeIDE_1.15.1/STM32CubeIDE/plugins/com.st.stm32cube.ide.mcu.externaltools.gnu-tools-for-stm32.12.3.rel1.win32_1.1.0.202410251130/tools/bin/../lib/gcc/arm-none-eabi/12.3.1/../../../../arm-none-eabi/lib/thumb/v7-m/nofp\libc_nano.a(libc_a-stdio.o) (_close_r)
C:/ST/STM32CubeIDE_1.15.1/STM32CubeIDE/plugins/com.st.stm32cube.ide.mcu.externaltools.gnu-tools-for-stm32.12.3.rel1.win32_1.1.0.202410251130/tools/bin/../lib/gcc/arm-none-eabi/12.3.1/../../../../arm-none-eabi/lib/thumb/v7-m/nofp\libc_nano.a(libc_a-reent.o)
                              C:/ST/STM32CubeIDE_1.15.1/STM32CubeIDE/plugins/com.st.stm32cube.ide.mcu.externaltools.gnu-tools-for-stm32.12.3.rel1.win32_1.1.0.202410251130/tools/bin/../lib/gcc/arm-none-eabi/12.3.1/../../../../arm-none-eabi/lib/thumb/v7-m/nofp\libc_nano.a(libc_a-closer.o) (errno)
C:/ST/STM32CubeIDE_1.15.1/STM32CubeIDE/plugins/com.st.stm32cube.ide.mcu.externaltools.gnu-tools-for-stm32.12.3.rel1.win32_1.1.0.202410251130/tools/bin/../lib/gcc/arm-none-eabi/12.3.1/../../../../arm-none-eabi/lib/thumb/v7-m/nofp\libc_nano.a(libc_a-impure.o)
                              C:/ST/STM32CubeIDE_1.15.1/STM32CubeIDE/plugins/com.st.stm32cube.ide.mcu.externaltools.gnu-tools-for-stm32.12.3.rel1.win32_1.1.0.202410251130/tools/bin/../lib/gcc/arm-none-eabi/12.3.1/../../../../arm-none-eabi/lib/thumb/v7-m/nofp\libc_nano.a(libc_a-reent.o) (_impure_ptr)
C:/ST/STM32CubeIDE_1.15.1/STM32CubeIDE/plugins/com.st.stm32cube.ide.mcu.externaltools.gnu-tools-for-stm32.12.3.rel1.win32_1.1.0.202410251130/tools/bin/../lib/gcc/arm-none-eabi/12.3.1/../../../../arm-none-eabi/lib/thumb/v7-m/nofp\libc_nano.a(libc_a-lseekr.o)
[...]
Memory Configuration

Name             Origin             Length             Attributes
RAM              0x20000000         0x00010000         xrw
FLASH            0x08000000         0x00020000         xr
*default*        0x00000000         0xffffffff

Linker script and memory map

LOAD C:/ST/STM32CubeIDE_1.15.1/STM32CubeIDE/plugins/com.st.stm32cube.ide.mcu.externaltools.gnu-tools-for-stm32.12.3.rel1.win32_1.1.0.202410251130/tools/bin/../lib/gcc/arm-none-eabi/12.3.1/thumb/v7-m/nofp/crti.o
LOAD C:/ST/STM32CubeIDE_1.15.1/STM32CubeIDE/plugins/com.st.stm32cube.ide.mcu.externaltools.gnu-tools-for-stm32.12.3.rel1.win32_1.1.0.202410251130/tools/bin/../lib/gcc/arm-none-eabi/12.3.1/thumb/v7-m/nofp/crtbegin.o
LOAD C:/ST/STM32CubeIDE_1.15.1/STM32CubeIDE/plugins/com.st.stm32cube.ide.mcu.externaltools.gnu-tools-for-stm32.12.3.rel1.win32_1.1.0.202410251130/tools/bin/../lib/gcc/arm-none-eabi/12.3.1/../../../../arm-none-eabi/lib/thumb/v7-m/nofp/crt0.o
LOAD ./Core/Src/display.o
LOAD ./Core/Src/main.o
LOAD ./Core/Src/stm32f1xx_hal_msp.o
LOAD ./Core/Src/stm32f1xx_it.o
LOAD ./Core/Src/syscalls.o
LOAD ./Core/Src/sysmem.o
LOAD ./Core/Src/system_stm32f1xx.o
LOAD ./Core/Startup/startup_stm32f105rbtx.o
LOAD ./Drivers/Display/ssd1306.o
LOAD ./Drivers/Display/ssd1306_fonts.o
LOAD ./Drivers/STM32F1xx_HAL_Driver/Src/stm32f1xx_hal.o
LOAD ./Drivers/STM32F1xx_HAL_Driver/Src/stm32f1xx_hal_can.o
LOAD ./Drivers/STM32F1xx_HAL_Driver/Src/stm32f1xx_hal_cortex.o
LOAD ./Drivers/STM32F1xx_HAL_Driver/Src/stm32f1xx_hal_dma.o
LOAD ./Drivers/STM32F1xx_HAL_Driver/Src/stm32f1xx_hal_exti.o
LOAD ./Drivers/STM32F1xx_HAL_Driver/Src/stm32f1xx_hal_flash.o
LOAD ./Drivers/STM32F1xx_HAL_Driver/Src/stm32f1xx_hal_flash_ex.o
LOAD ./Drivers/STM32F1xx_HAL_Driver/Src/stm32f1xx_hal_gpio.o
LOAD ./Drivers/STM32F1xx_HAL_Driver/Src/stm32f1xx_hal_gpio_ex.o
LOAD ./Drivers/STM32F1xx_HAL_Driver/Src/stm32f1xx_hal_i2c.o
LOAD ./Drivers/STM32F1xx_HAL_Driver/Src/stm32f1xx_hal_pwr.o
LOAD ./Drivers/STM32F1xx_HAL_Driver/Src/stm32f1xx_hal_rcc.o
LOAD ./Drivers/STM32F1xx_HAL_Driver/Src/stm32f1xx_hal_rcc_ex.o
START GROUP
LOAD C:/ST/STM32CubeIDE_1.15.1/STM32CubeIDE/plugins/com.st.stm32cube.ide.mcu.externaltools.gnu-tools-for-stm32.12.3.rel1.win32_1.1.0.202410251130/tools/bin/../lib/gcc/arm-none-eabi/12.3.1/../../../../arm-none-eabi/lib/thumb/v7-m/nofp\libc_nano.a
LOAD C:/ST/STM32CubeIDE_1.15.1/STM32CubeIDE/plugins/com.st.stm32cube.ide.mcu.externaltools.gnu-tools-for-stm32.12.3.rel1.win32_1.1.0.202410251130/tools/bin/../lib/gcc/arm-none-eabi/12.3.1/../../../../arm-none-eabi/lib/thumb/v7-m/nofp\libm.a
END GROUP
START GROUP
LOAD C:/ST/STM32CubeIDE_1.15.1/STM32CubeIDE/plugins/com.st.stm32cube.ide.mcu.externaltools.gnu-tools-for-stm32.12.3.rel1.win32_1.1.0.202410251130/tools/bin/../lib/gcc/arm-none-eabi/12.3.1/thumb/v7-m/nofp\libgcc.a
LOAD C:/ST/STM32CubeIDE_1.15.1/STM32CubeIDE/plugins/com.st.stm32cube.ide.mcu.externaltools.gnu-tools-for-stm32.12.3.rel1.win32_1.1.0.202410251130/tools/bin/../lib/gcc/arm-none-eabi/12.3.1/../../../../arm-none-eabi/lib/thumb/v7-m/nofp\libc_nano.a
END GROUP
START GROUP
LOAD C:/ST/STM32CubeIDE_1.15.1/STM32CubeIDE/plugins/com.st.stm32cube.ide.mcu.externaltools.gnu-tools-for-stm32.12.3.rel1.win32_1.1.0.202410251130/tools/bin/../lib/gcc/arm-none-eabi/12.3.1/thumb/v7-m/nofp\libgcc.a
LOAD C:/ST/STM32CubeIDE_1.15.1/STM32CubeIDE/plugins/com.st.stm32cube.ide.mcu.externaltools.gnu-tools-for-stm32.12.3.rel1.win32_1.1.0.202410251130/tools/bin/../lib/gcc/arm-none-eabi/12.3.1/../../../../arm-none-eabi/lib/thumb/v7-m/nofp\libc_nano.a
LOAD C:/ST/STM32CubeIDE_1.15.1/STM32CubeIDE/plugins/com.st.stm32cube.ide.mcu.externaltools.gnu-tools-for-stm32.12.3.rel1.win32_1.1.0.202410251130/tools/bin/../lib/gcc/arm-none-eabi/12.3.1/../../../../arm-none-eabi/lib/thumb/v7-m/nofp\libnosys.a
END GROUP
START GROUP
LOAD C:/ST/STM32CubeIDE_1.15.1/STM32CubeIDE/plugins/com.st.stm32cube.ide.mcu.externaltools.gnu-tools-for-stm32.12.3.rel1.win32_1.1.0.202410251130/tools/bin/../lib/gcc/arm-none-eabi/12.3.1/thumb/v7-m/nofp\libgcc.a
LOAD C:/ST/STM32CubeIDE_1.15.1/STM32CubeIDE/plugins/com.st.stm32cube.ide.mcu.externaltools.gnu-tools-for-stm32.12.3.rel1.win32_1.1.0.202410251130/tools/bin/../lib/gcc/arm-none-eabi/12.3.1/../../../../arm-none-eabi/lib/thumb/v7-m/nofp\libc_nano.a
LOAD C:/ST/STM32CubeIDE_1.15.1/STM32CubeIDE/plugins/com.st.stm32cube.ide.mcu.externaltools.gnu-tools-for-stm32.12.3.rel1.win32_1.1.0.202410251130/tools/bin/../lib/gcc/arm-none-eabi/12.3.1/../../../../arm-none-eabi/lib/thumb/v7-m/nofp\libnosys.a
END GROUP
LOAD C:/ST/STM32CubeIDE_1.15.1/STM32CubeIDE/plugins/com.st.stm32cube.ide.mcu.externaltools.gnu-tools-for-stm32.12.3.rel1.win32_1.1.0.202410251130/tools/bin/../lib/gcc/arm-none-eabi/12.3.1/thumb/v7-m/nofp/crtend.o
LOAD C:/ST/STM32CubeIDE_1.15.1/STM32CubeIDE/plugins/com.st.stm32cube.ide.mcu.externaltools.gnu-tools-for-stm32.12.3.rel1.win32_1.1.0.202410251130/tools/bin/../lib/gcc/arm-none-eabi/12.3.1/thumb/v7-m/nofp/crtn.o
                0x20010000                        _estack = (ORIGIN (RAM) + LENGTH (RAM))
                0x00000200                        _Min_Heap_Size = 0x200
                0x00000400                        _Min_Stack_Size = 0x400

.isr_vector     0x08000000      0x1e4
                0x08000000                        . = ALIGN (0x4)
 *(.isr_vector)
 .isr_vector    0x08000000      0x1e4 ./Core/Startup/startup_stm32f105rbtx.o
                0x08000000                g_pfnVectors
                0x080001e4                        . = ALIGN (0x4)

.text           0x080001e4     0x2bd0
                0x080001e4                        . = ALIGN (0x4)
 *(.text)
 .text          0x080001e4       0x40 C:/ST/STM32CubeIDE_1.15.1/STM32CubeIDE/plugins/com.st.stm32cube.ide.mcu.externaltools.gnu-tools-for-stm32.12.3.rel1.win32_1.1.0.202410251130/tools/bin/../lib/gcc/arm-none-eabi/12.3.1/thumb/v7-m/nofp/crtbegin.o
 .text          0x08000224       0x10 C:/ST/STM32CubeIDE_1.15.1/STM32CubeIDE/plugins/com.st.stm32cube.ide.mcu.externaltools.gnu-tools-for-stm32.12.3.rel1.win32_1.1.0.202410251130/tools/bin/../lib/gcc/arm-none-eabi/12.3.1/../../../../arm-none-eabi/lib/thumb/v7-m/nofp\libc_nano.a(libc_a-strlen.o)
                0x08000224                strlen
 .text          0x08000234       0x30 C:/ST/STM32CubeIDE_1.15.1/STM32CubeIDE/plugins/com.st.stm32cube.ide.mcu.externaltools.gnu-tools-for-stm32.12.3.rel1.win32_1.1.0.202410251130/tools/bin/../lib/gcc/arm-none-eabi/12.3.1/thumb/v7-m/nofp\libgcc.a(_aeabi_uldivmod.o)
                0x08000234                __aeabi_uldivmod
 .text          0x08000264      0x2b8 C:/ST/STM32CubeIDE_1.15.1/STM32CubeIDE/plugins/com.st.stm32cube.ide.mcu.externaltools.gnu-tools-for-stm32.12.3.rel1.win32_1.1.0.202410251130/tools/bin/../lib/gcc/arm-none-eabi/12.3.1/thumb/v7-m/nofp\libgcc.a(_udivmoddi4.o)
                0x08000264                __udivmoddi4
 .text          0x0800051c        0x4 C:/ST/STM32CubeIDE_1.15.1/STM32CubeIDE/plugins/com.st.stm32cube.ide.mcu.externaltools.gnu-tools-for-stm32.12.3.rel1.win32_1.1.0.202410251130/tools/bin/../lib/gcc/arm-none-eabi/12.3.1/thumb/v7-m/nofp\libgcc.a(_dvmd_tls.o)
                0x0800051c                __aeabi_idiv0
                0x0800051c                __aeabi_ldiv0
 *(.text*)
 .text.SRE_Display_Test
                0x08000520       0x2c ./Core/Src/display.o
                0x08000520                SRE_Display_Test
 .text.SRE_Display_Nav_Bar
                0x0800054c      0x11c ./Core/Src/display.o
                0x0800054c                SRE_Display_Nav_Bar
 .text.main     0x08000668       0x24 ./Core/Src/main.o
                0x08000668                main
 .text.SystemClock_Config
                0x0800068c       0x84 ./Core/Src/main.o
                0x0800068c                SystemClock_Config
 .text.MX_CAN1_Init
                0x08000710       0x68 ./Core/Src/main.o
 .text.MX_I2C2_Init
                0x08000778       0x5c ./Core/Src/main.o
 .text.MX_GPIO_Init
                0x080007d4      0x114 ./Core/Src/main.o
 .text.Error_Handler
                0x080008e8        0xc ./Core/Src/main.o
                0x080008e8                Error_Handler
 .text.HAL_MspInit
                0x080008f4       0x5c ./Core/Src/stm32f1xx_hal_msp.o
                0x080008f4                HAL_MspInit
 .text.HAL_CAN_MspInit
                0x08000950       0xc0 ./Core/Src/stm32f1xx_hal_msp.o
                0x08000950                HAL_CAN_MspInit
 .text.HAL_I2C_MspInit
                0x08000a10       0x80 ./Core/Src/stm32f1xx_hal_msp.o
                0x08000a10                HAL_I2C_MspInit
 .text.NMI_Handler
                0x08000a90        0x8 ./Core/Src/stm32f1xx_it.o
                0x08000a90                NMI_Handler
 .text.HardFault_Handler
                0x08000a98        0x8 ./Core/Src/stm32f1xx_it.o
                0x08000a98                HardFault_Handler
 .text.MemManage_Handler
                0x08000aa0        0x8 ./Core/Src/stm32f1xx_it.o
                0x08000aa0                MemManage_Handler
 .text.BusFault_Handler
                0x08000aa8        0x8 ./Core/Src/stm32f1xx_it.o
                0x08000aa8                BusFault_Handler
 .text.UsageFault_Handler
                0x08000ab0        0x8 ./Core/Src/stm32f1xx_it.o
                0x08000ab0                UsageFault_Handler
 .text.SVC_Handler
                0x08000ab8        0xc ./Core/Src/stm32f1xx_it.o
                0x08000ab8                SVC_Handler
 .text.DebugMon_Handler
                0x08000ac4        0xc ./Core/Src/stm32f1xx_it.o
                0x08000ac4                DebugMon_Handler
 .text.PendSV_Handler
                0x08000ad0        0xc ./Core/Src/stm32f1xx_it.o
                0x08000ad0                PendSV_Handler
 .text.SysTick_Handler
                0x08000adc        0xc ./Core/Src/stm32f1xx_it.o
                0x08000adc                SysTick_Handler
 .text.SystemInit
                0x08000ae8        0xc ./Core/Src/system_stm32f1xx.o
                0x08000ae8                SystemInit
 .text.Reset_Handler
                0x08000af4       0x48 ./Core/Startup/startup_stm32f105rbtx.o
                0x08000af4                Reset_Handler
 .text.Default_Handler
                0x08000b3c        0x2 ./Core/Startup/startup_stm32f105rbtx.o
                0x08000b3c                RTC_Alarm_IRQHandler
                0x08000b3c                EXTI2_IRQHandler
                0x08000b3c                TIM1_CC_IRQHandler
                0x08000b3c                TIM6_IRQHandler
                0x08000b3c                PVD_IRQHandler
                0x08000b3c                CAN2_RX1_IRQHandler
                0x08000b3c                EXTI3_IRQHandler
                0x08000b3c                EXTI0_IRQHandler
                0x08000b3c                I2C2_EV_IRQHandler
                0x08000b3c                CAN1_RX0_IRQHandler
                0x08000b3c                CAN2_SCE_IRQHandler
                0x08000b3c                ADC1_2_IRQHandler
                0x08000b3c                SPI1_IRQHandler
                0x08000b3c                TAMPER_IRQHandler
                0x08000b3c                CAN2_RX0_IRQHandler
                0x08000b3c                DMA2_Channel2_IRQHandler
                0x08000b3c                DMA1_Channel4_IRQHandler
                0x08000b3c                USART3_IRQHandler
                0x08000b3c                RTC_IRQHandler
                0x08000b3c                DMA1_Channel7_IRQHandler
                0x08000b3c                CAN1_RX1_IRQHandler
                0x08000b3c                UART5_IRQHandler
                0x08000b3c                TIM4_IRQHandler
                0x08000b3c                DMA2_Channel1_IRQHandler
                0x08000b3c                I2C1_EV_IRQHandler
                0x08000b3c                DMA1_Channel6_IRQHandler
                0x08000b3c                UART4_IRQHandler
                0x08000b3c                DMA2_Channel4_IRQHandler
                0x08000b3c                TIM3_IRQHandler
                0x08000b3c                RCC_IRQHandler
                0x08000b3c                TIM1_TRG_COM_IRQHandler
                0x08000b3c                DMA1_Channel1_IRQHandler
                0x08000b3c                Default_Handler
                0x08000b3c                EXTI15_10_IRQHandler
                0x08000b3c                TIM7_IRQHandler
                0x08000b3c                CAN2_TX_IRQHandler
                0x08000b3c                TIM5_IRQHandler
                0x08000b3c                EXTI9_5_IRQHandler
                0x08000b3c                SPI2_IRQHandler
                0x08000b3c                CAN1_TX_IRQHandler
                0x08000b3c                DMA2_Channel5_IRQHandler
                0x08000b3c                DMA1_Channel5_IRQHandler
                0x08000b3c                EXTI4_IRQHandler
                0x08000b3c                DMA1_Channel3_IRQHandler
                0x08000b3c                TIM1_UP_IRQHandler
                0x08000b3c                WWDG_IRQHandler
                0x08000b3c                TIM2_IRQHandler
                0x08000b3c                OTG_FS_WKUP_IRQHandler
                0x08000b3c                TIM1_BRK_IRQHandler
                0x08000b3c                EXTI1_IRQHandler
                0x08000b3c                USART2_IRQHandler
                0x08000b3c                I2C2_ER_IRQHandler
                0x08000b3c                DMA1_Channel2_IRQHandler
                0x08000b3c                CAN1_SCE_IRQHandler
                0x08000b3c                FLASH_IRQHandler
                0x08000b3c                USART1_IRQHandler
                0x08000b3c                OTG_FS_IRQHandler
                0x08000b3c                SPI3_IRQHandler
                0x08000b3c                I2C1_ER_IRQHandler
                0x08000b3c                DMA2_Channel3_IRQHandler
 .text.ssd1306_Reset
                0x08000b3e        0xc ./Drivers/Display/ssd1306.o
                0x08000b3e                ssd1306_Reset
 *fill*         0x08000b4a        0x2 
 .text.ssd1306_WriteCommand
                0x08000b4c       0x30 ./Drivers/Display/ssd1306.o
                0x08000b4c                ssd1306_WriteCommand
 .text.ssd1306_WriteData
                0x08000b7c       0x34 ./Drivers/Display/ssd1306.o
                0x08000b7c                ssd1306_WriteData
 .text.ssd1306_Init
                0x08000bb0       0xd4 ./Drivers/Display/ssd1306.o
                0x08000bb0                ssd1306_Init
 .text.ssd1306_Fill
                0x08000c84       0x30 ./Drivers/Display/ssd1306.o
                0x08000c84                ssd1306_Fill
 .text.ssd1306_UpdateScreen
                0x08000cb4       0x50 ./Drivers/Display/ssd1306.o
                0x08000cb4                ssd1306_UpdateScreen
 .text.ssd1306_DrawPixel
                0x08000d04       0xa4 ./Drivers/Display/ssd1306.o
                0x08000d04                ssd1306_DrawPixel
 .text.ssd1306_WriteChar
                0x08000da8      0x120 ./Drivers/Display/ssd1306.o
                0x08000da8                ssd1306_WriteChar
 .text.ssd1306_WriteString
                0x08000ec8       0x4c ./Drivers/Display/ssd1306.o
                0x08000ec8                ssd1306_WriteString
 .text.ssd1306_SetCursor
                0x08000f14       0x30 ./Drivers/Display/ssd1306.o
                0x08000f14                ssd1306_SetCursor
 .text.ssd1306_Line
                0x08000f44       0xd8 ./Drivers/Display/ssd1306.o
                0x08000f44                ssd1306_Line
 .text.ssd1306_DrawRectangle
                0x0800101c       0x6e ./Drivers/Display/ssd1306.o
                0x0800101c                ssd1306_DrawRectangle
 .text.ssd1306_FillRectangle
                0x0800108a       0x9c ./Drivers/Display/ssd1306.o
                0x0800108a                ssd1306_FillRectangle
 .text.ssd1306_SetContrast
                0x08001126       0x26 ./Drivers/Display/ssd1306.o
                0x08001126                ssd1306_SetContrast
 .text.ssd1306_SetDisplayOn
                0x0800114c       0x3c ./Drivers/Display/ssd1306.o
                0x0800114c                ssd1306_SetDisplayOn
 .text.HAL_Init
                0x08001188       0x2c ./Drivers/STM32F1xx_HAL_Driver/Src/stm32f1xx_hal.o
                0x08001188                HAL_Init
 .text.HAL_InitTick
                0x080011b4       0x60 ./Drivers/STM32F1xx_HAL_Driver/Src/stm32f1xx_hal.o
                0x080011b4                HAL_InitTick
 .text.HAL_IncTick
                0x08001214       0x24 ./Drivers/STM32F1xx_HAL_Driver/Src/stm32f1xx_hal.o
                0x08001214                HAL_IncTick
 .text.HAL_GetTick
                0x08001238       0x14 ./Drivers/STM32F1xx_HAL_Driver/Src/stm32f1xx_hal.o
                0x08001238                HAL_GetTick
 .text.HAL_Delay
                0x0800124c       0x48 ./Drivers/STM32F1xx_HAL_Driver/Src/stm32f1xx_hal.o
                0x0800124c                HAL_Delay
 .text.HAL_CAN_Init
                0x08001294      0x1f6 ./Drivers/STM32F1xx_HAL_Driver/Src/stm32f1xx_hal_can.o
                0x08001294                HAL_CAN_Init
 *fill*         0x0800148a        0x2 
 .text.__NVIC_SetPriorityGrouping
                0x0800148c       0x48 ./Drivers/STM32F1xx_HAL_Driver/Src/stm32f1xx_hal_cortex.o
 .text.__NVIC_GetPriorityGrouping
                0x080014d4       0x1c ./Drivers/STM32F1xx_HAL_Driver/Src/stm32f1xx_hal_cortex.o
 .text.__NVIC_SetPriority
                0x080014f0       0x54 ./Drivers/STM32F1xx_HAL_Driver/Src/stm32f1xx_hal_cortex.o
 .text.NVIC_EncodePriority
                0x08001544       0x64 ./Drivers/STM32F1xx_HAL_Driver/Src/stm32f1xx_hal_cortex.o
 .text.SysTick_Config
                0x080015a8       0x44 ./Drivers/STM32F1xx_HAL_Driver/Src/stm32f1xx_hal_cortex.o
 .text.HAL_NVIC_SetPriorityGrouping
                0x080015ec       0x16 ./Drivers/STM32F1xx_HAL_Driver/Src/stm32f1xx_hal_cortex.o
                0x080015ec                HAL_NVIC_SetPriorityGrouping
 .text.HAL_NVIC_SetPriority
                0x08001602       0x38 ./Drivers/STM32F1xx_HAL_Driver/Src/stm32f1xx_hal_cortex.o
                0x08001602                HAL_NVIC_SetPriority
 .text.HAL_SYSTICK_Config
                0x0800163a       0x18 ./Drivers/STM32F1xx_HAL_Driver/Src/stm32f1xx_hal_cortex.o
                0x0800163a                HAL_SYSTICK_Config
 *fill*         0x08001652        0x2 
 .text.HAL_GPIO_Init
                0x08001654      0x308 ./Drivers/STM32F1xx_HAL_Driver/Src/stm32f1xx_hal_gpio.o
                0x08001654                HAL_GPIO_Init
 .text.HAL_GPIO_WritePin
                0x0800195c       0x30 ./Drivers/STM32F1xx_HAL_Driver/Src/stm32f1xx_hal_gpio.o
                0x0800195c                HAL_GPIO_WritePin
 .text.HAL_I2C_Init
                0x0800198c      0x288 ./Drivers/STM32F1xx_HAL_Driver/Src/stm32f1xx_hal_i2c.o
                0x0800198c                HAL_I2C_Init
 .text.HAL_I2C_Mem_Write
                0x08001c14      0x1f4 ./Drivers/STM32F1xx_HAL_Driver/Src/stm32f1xx_hal_i2c.o
                0x08001c14                HAL_I2C_Mem_Write
 .text.I2C_RequestMemoryWrite
                0x08001e08      0x12c ./Drivers/STM32F1xx_HAL_Driver/Src/stm32f1xx_hal_i2c.o
 .text.I2C_WaitOnFlagUntilTimeout
                0x08001f34       0xf4 ./Drivers/STM32F1xx_HAL_Driver/Src/stm32f1xx_hal_i2c.o
 .text.I2C_WaitOnMasterAddressFlagUntilTimeout
                0x08002028      0x140 ./Drivers/STM32F1xx_HAL_Driver/Src/stm32f1xx_hal_i2c.o
 .text.I2C_WaitOnTXEFlagUntilTimeout
                0x08002168       0x90 ./Drivers/STM32F1xx_HAL_Driver/Src/stm32f1xx_hal_i2c.o
 .text.I2C_WaitOnBTFFlagUntilTimeout
                0x080021f8       0x90 ./Drivers/STM32F1xx_HAL_Driver/Src/stm32f1xx_hal_i2c.o
 .text.I2C_IsAcknowledgeFailed
                0x08002288       0x5c ./Drivers/STM32F1xx_HAL_Driver/Src/stm32f1xx_hal_i2c.o
 .text.HAL_RCC_OscConfig
                0x080022e4      0x62c ./Drivers/STM32F1xx_HAL_Driver/Src/stm32f1xx_hal_rcc.o
                0x080022e4                HAL_RCC_OscConfig
 .text.HAL_RCC_ClockConfig
                0x08002910      0x1d4 ./Drivers/STM32F1xx_HAL_Driver/Src/stm32f1xx_hal_rcc.o
                0x08002910                HAL_RCC_ClockConfig
 .text.HAL_RCC_GetSysClockFreq
                0x08002ae4      0x1e8 ./Drivers/STM32F1xx_HAL_Driver/Src/stm32f1xx_hal_rcc.o
                0x08002ae4                HAL_RCC_GetSysClockFreq
 .text.HAL_RCC_GetHCLKFreq
                0x08002ccc       0x14 ./Drivers/STM32F1xx_HAL_Driver/Src/stm32f1xx_hal_rcc.o
                0x08002ccc                HAL_RCC_GetHCLKFreq
 .text.HAL_RCC_GetPCLK1Freq
                0x08002ce0       0x28 ./Drivers/STM32F1xx_HAL_Driver/Src/stm32f1xx_hal_rcc.o
                0x08002ce0                HAL_RCC_GetPCLK1Freq
 .text.RCC_Delay
                0x08002d08       0x3c ./Drivers/STM32F1xx_HAL_Driver/Src/stm32f1xx_hal_rcc.o
 .text.memset   0x08002d44       0x10 C:/ST/STM32CubeIDE_1.15.1/STM32CubeIDE/plugins/com.st.stm32cube.ide.mcu.externaltools.gnu-tools-for-stm32.12.3.rel1.win32_1.1.0.202410251130/tools/bin/../lib/gcc/arm-none-eabi/12.3.1/../../../../arm-none-eabi/lib/thumb/v7-m/nofp\libc_nano.a(libc_a-memset.o)
                0x08002d44                memset
 .text.__libc_init_array
                0x08002d54       0x48 C:/ST/STM32CubeIDE_1.15.1/STM32CubeIDE/plugins/com.st.stm32cube.ide.mcu.externaltools.gnu-tools-for-stm32.12.3.rel1.win32_1.1.0.202410251130/tools/bin/../lib/gcc/arm-none-eabi/12.3.1/../../../../arm-none-eabi/lib/thumb/v7-m/nofp\libc_nano.a(libc_a-init.o)
                0x08002d54                __libc_init_array
 *(.glue_7)
 .glue_7        0x08002d9c        0x0 linker stubs
 *(.glue_7t)
 .glue_7t       0x08002d9c        0x0 linker stubs
 *(.eh_frame)
 .eh_frame      0x08002d9c        0x0 C:/ST/STM32CubeIDE_1.15.1/STM32CubeIDE/plugins/com.st.stm32cube.ide.mcu.externaltools.gnu-tools-for-stm32.12.3.rel1.win32_1.1.0.202410251130/tools/bin/../lib/gcc/arm-none-eabi/12.3.1/thumb/v7-m/nofp/crtbegin.o
 *(.init)
 .init          0x08002d9c        0x4 C:/ST/STM32CubeIDE_1.15.1/STM32CubeIDE/plugins/com.st.stm32cube.ide.mcu.externaltools.gnu-tools-for-stm32.12.3.rel1.win32_1.1.0.202410251130/tools/bin/../lib/gcc/arm-none-eabi/12.3.1/thumb/v7-m/nofp/crti.o
                0x08002d9c                _init
 .init          0x08002da0        0x8 C:/ST/STM32CubeIDE_1.15.1/STM32CubeIDE/plugins/com.st.stm32cube.ide.mcu.externaltools.gnu-tools-for-stm32.12.3.rel1.win32_1.1.0.202410251130/tools/bin/../lib/gcc/arm-none-eabi/12.3.1/thumb/v7-m/nofp/crtn.o
 *(.fini)
 .fini          0x08002da8        0x4 C:/ST/STM32CubeIDE_1.15.1/STM32CubeIDE/plugins/com.st.stm32cube.ide.mcu.externaltools.gnu-tools-for-stm32.12.3.rel1.win32_1.1.0.202410251130/tools/bin/../lib/gcc/arm-none-eabi/12.3.1/thumb/v7-m/nofp/crti.o
                0x08002da8                _fini
 .fini          0x08002dac        0x8 C:/ST/STM32CubeIDE_1.15.1/STM32CubeIDE/plugins/com.st.stm32cube.ide.mcu.externaltools.gnu-tools-for-stm32.12.3.rel1.win32_1.1.0.202410251130/tools/bin/../lib/gcc/arm-none-eabi/12.3.1/thumb/v7-m/nofp/crtn.o
                0x08002db4                        . = ALIGN (0x4)
                0x08002db4                        _etext = .

.vfp11_veneer   0x08002db4        0x0
 .vfp11_veneer  0x08002db4        0x0 linker stubs

.v4_bx          0x08002db4        0x0
 .v4_bx         0x08002db4        0x0 linker stubs

.iplt           0x08002db4        0x0
 .iplt          0x08002db4        0x0 C:/ST/STM32CubeIDE_1.15.1/STM32CubeIDE/plugins/com.st.stm32cube.ide.mcu.externaltools.gnu-tools-for-stm32.12.3.rel1.win32_1.1.0.202410251130/tools/bin/../lib/gcc/arm-none-eabi/12.3.1/thumb/v7-m/nofp/crtbegin.o

.rodata         0x08002db4      0x654
                0x08002db4                        . = ALIGN (0x4)
 *(.rodata)
 .rodata        0x08002db4       0x20 ./Core/Src/display.o
 *(.rodata*)
 .rodata.AHBPrescTable
                0x08002dd4       0x10 ./Core/Src/system_stm32f1xx.o
                0x08002dd4                AHBPrescTable
 .rodata.APBPrescTable
                0x08002de4        0x8 ./Core/Src/system_stm32f1xx.o
                0x08002de4                APBPrescTable
 .rodata.Font6x8
                0x08002dec      0x5f0 ./Drivers/Display/ssd1306_fonts.o
 .rodata.Font_6x8
                0x080033dc        0xc ./Drivers/Display/ssd1306_fonts.o
                0x080033dc                Font_6x8
 .rodata.aPLLMULFactorTable.1
                0x080033e8        0xe ./Drivers/STM32F1xx_HAL_Driver/Src/stm32f1xx_hal_rcc.o
 *fill*         0x080033f6        0x2 
 .rodata.aPredivFactorTable.0
                0x080033f8       0x10 ./Drivers/STM32F1xx_HAL_Driver/Src/stm32f1xx_hal_rcc.o
                0x08003408                        . = ALIGN (0x4)

.ARM.extab      0x08003408        0x0
                0x08003408                        . = ALIGN (0x4)
 *(.ARM.extab* .gnu.linkonce.armextab.*)
                0x08003408                        . = ALIGN (0x4)

.ARM            0x08003408        0x8
                0x08003408                        . = ALIGN (0x4)
                0x08003408                        __exidx_start = .
 *(.ARM.exidx*)
 .ARM.exidx     0x08003408        0x8 C:/ST/STM32CubeIDE_1.15.1/STM32CubeIDE/plugins/com.st.stm32cube.ide.mcu.externaltools.gnu-tools-for-stm32.12.3.rel1.win32_1.1.0.202410251130/tools/bin/../lib/gcc/arm-none-eabi/12.3.1/../../../../arm-none-eabi/lib/thumb/v7-m/nofp\libc_nano.a(libc_a-strlen.o)
 .ARM.exidx     0x08003410        0x0 C:/ST/STM32CubeIDE_1.15.1/STM32CubeIDE/plugins/com.st.stm32cube.ide.mcu.externaltools.gnu-tools-for-stm32.12.3.rel1.win32_1.1.0.202410251130/tools/bin/../lib/gcc/arm-none-eabi/12.3.1/thumb/v7-m/nofp\libgcc.a(_udivmoddi4.o)
                                  0x8 (size before relaxing)
                0x08003410                        __exidx_end = .
                0x08003410                        . = ALIGN (0x4)

.preinit_array  0x08003410        0x0
                0x08003410                        . = ALIGN (0x4)
                0x08003410                        PROVIDE (__preinit_array_start = .)
 *(.preinit_array*)
                0x08003410                        PROVIDE (__preinit_array_end = .)
                0x08003410                        . = ALIGN (0x4)

.init_array     0x08003410        0x4
                0x08003410                        . = ALIGN (0x4)
                0x08003410                        PROVIDE (__init_array_start = .)
 *(SORT_BY_NAME(.init_array.*))
 *(.init_array*)
 .init_array    0x08003410        0x4 C:/ST/STM32CubeIDE_1.15.1/STM32CubeIDE/plugins/com.st.stm32cube.ide.mcu.externaltools.gnu-tools-for-stm32.12.3.rel1.win32_1.1.0.202410251130/tools/bin/../lib/gcc/arm-none-eabi/12.3.1/thumb/v7-m/nofp/crtbegin.o
                0x08003414                        PROVIDE (__init_array_end = .)
                0x08003414                        . = ALIGN (0x4)

.fini_array     0x08003414        0x4
                0x08003414                        . = ALIGN (0x4)
                [!provide]                        PROVIDE (__fini_array_start = .)
 *(SORT_BY_NAME(.fini_array.*))
 *(.fini_array*)
 .fini_array    0x08003414        0x4 C:/ST/STM32CubeIDE_1.15.1/STM32CubeIDE/plugins/com.st.stm32cube.ide.mcu.externaltools.gnu-tools-for-stm32.12.3.rel1.win32_1.1.0.202410251130/tools/bin/../lib/gcc/arm-none-eabi/12.3.1/thumb/v7-m/nofp/crtbegin.o
                [!provide]                        PROVIDE (__fini_array_end = .)
                0x08003418                        . = ALIGN (0x4)
                0x08003418                        _sidata = LOADADDR (.data)

.rel.dyn        0x08003418        0x0
 .rel.iplt      0x08003418        0x0 C:/ST/STM32CubeIDE_1.15.1/STM32CubeIDE/plugins/com.st.stm32cube.ide.mcu.externaltools.gnu-tools-for-stm32.12.3.rel1.win32_1.1.0.202410251130/tools/bin/../lib/gcc/arm-none-eabi/12.3.1/thumb/v7-m/nofp/crtbegin.o

.data           0x20000000        0xc load address 0x08003418
                0x20000000                        . = ALIGN (0x4)
                0x20000000                        _sdata = .
 *(.data)
 *(.data*)
 .data.SystemCoreClock
                0x20000000        0x4 ./Core/Src/system_stm32f1xx.o
                0x20000000                SystemCoreClock
 .data.uwTickPrio
                0x20000004        0x4 ./Drivers/STM32F1xx_HAL_Driver/Src/stm32f1xx_hal.o
                0x20000004                uwTickPrio
 .data.uwTickFreq
                0x20000008        0x1 ./Drivers/STM32F1xx_HAL_Driver/Src/stm32f1xx_hal.o
                0x20000008                uwTickFreq
 *(.RamFunc)
 *(.RamFunc*)
                0x2000000c                        . = ALIGN (0x4)
 *fill*         0x20000009        0x3 
                0x2000000c                        _edata = .

.igot.plt       0x2000000c        0x0 load address 0x08003424
 .igot.plt      0x2000000c        0x0 C:/ST/STM32CubeIDE_1.15.1/STM32CubeIDE/plugins/com.st.stm32cube.ide.mcu.externaltools.gnu-tools-for-stm32.12.3.rel1.win32_1.1.0.202410251130/tools/bin/../lib/gcc/arm-none-eabi/12.3.1/thumb/v7-m/nofp/crtbegin.o
                0x2000000c                        . = ALIGN (0x4)

.bss            0x2000000c      0x4a8 load address 0x08003424
                0x2000000c                        _sbss = .
                0x2000000c                        __bss_start__ = _sbss
 *(.bss)
 .bss           0x2000000c       0x1c C:/ST/STM32CubeIDE_1.15.1/STM32CubeIDE/plugins/com.st.stm32cube.ide.mcu.externaltools.gnu-tools-for-stm32.12.3.rel1.win32_1.1.0.202410251130/tools/bin/../lib/gcc/arm-none-eabi/12.3.1/thumb/v7-m/nofp/crtbegin.o
 *(.bss*)
 .bss.hcan1     0x20000028       0x28 ./Core/Src/main.o
                0x20000028                hcan1
 .bss.hi2c2     0x20000050       0x54 ./Core/Src/main.o
                0x20000050                hi2c2
 .bss.selectedButton
                0x200000a4        0x4 ./Core/Src/main.o
                0x200000a4                selectedButton
 .bss.SSD1306_Buffer
                0x200000a8      0x400 ./Drivers/Display/ssd1306.o
 .bss.SSD1306   0x200004a8        0x6 ./Drivers/Display/ssd1306.o
 *fill*         0x200004ae        0x2 
 .bss.uwTick    0x200004b0        0x4 ./Drivers/STM32F1xx_HAL_Driver/Src/stm32f1xx_hal.o
                0x200004b0                uwTick
 *(COMMON)
                0x200004b4                        . = ALIGN (0x4)
                0x200004b4                        _ebss = .
                0x200004b4                        __bss_end__ = _ebss

._user_heap_stack
                0x200004b4      0x604 load address 0x08003424
                0x200004b8                        . = ALIGN (0x8)
 *fill*         0x200004b4        0x4 
                [!provide]                        PROVIDE (end = .)
                0x200004b8                        PROVIDE (_end = .)
                0x200006b8                        . = (. + _Min_Heap_Size)
 *fill*         0x200004b8      0x200 
                0x20000ab8                        . = (. + _Min_Stack_Size)
 *fill*         0x200006b8      0x400 
                0x20000ab8                        . = ALIGN (0x8)

/DISCARD/
 libc.a(*)
 libm.a(*)
 libgcc.a(*)

.ARM.attributes
                0x00000000       0x29
 *(.ARM.attributes)
 .ARM.attributes
                0x00000000       0x1d C:/ST/STM32CubeIDE_1.15.1/STM32CubeIDE/plugins/com.st.stm32cube.ide.mcu.externaltools.gnu-tools-for-stm32.12.3.rel1.win32_1.1.0.202410251130/tools/bin/../lib/gcc/arm-none-eabi/12.3.1/thumb/v7-m/nofp/crti.o
 .ARM.attributes
                0x0000001d       0x2d C:/ST/STM32CubeIDE_1.15.1/STM32CubeIDE/plugins/com.st.stm32cube.ide.mcu.externaltools.gnu-tools-for-stm32.12.3.rel1.win32_1.1.0.202410251130/tools/bin/../lib/gcc/arm-none-eabi/12.3.1/thumb/v7-m/nofp/crtbegin.o
 .ARM.attributes
                0x0000004a       0x2d ./Core/Src/display.o
 .ARM.attributes
                0x00000077       0x2d ./Core/Src/main.o
 .ARM.attributes
                0x000000a4       0x2d ./Core/Src/stm32f1xx_hal_msp.o
 .ARM.attributes
                0x000000d1       0x2d ./Core/Src/stm32f1xx_it.o
 .ARM.attributes
                0x000000fe       0x2d ./Core/Src/system_stm32f1xx.o
 .ARM.attributes
                0x0000012b       0x21 ./Core/Startup/startup_stm32f105rbtx.o
 .ARM.attributes
                0x0000014c       0x2d ./Drivers/Display/ssd1306.o
 .ARM.attributes
                0x00000179       0x2d ./Drivers/Display/ssd1306_fonts.o
 .ARM.attributes
                0x000001a6       0x2d ./Drivers/STM32F1xx_HAL_Driver/Src/stm32f1xx_hal.o
 .ARM.attributes
                0x000001d3       0x2d ./Drivers/STM32F1xx_HAL_Driver/Src/stm32f1xx_hal_can.o
 .ARM.attributes
                0x00000200       0x2d ./Drivers/STM32F1xx_HAL_Driver/Src/stm32f1xx_hal_cortex.o
 .ARM.attributes
                0x0000022d       0x2d ./Drivers/STM32F1xx_HAL_Driver/Src/stm32f1xx_hal_gpio.o
 .ARM.attributes
                0x0000025a       0x2d ./Drivers/STM32F1xx_HAL_Driver/Src/stm32f1xx_hal_i2c.o
 .ARM.attributes
                0x00000287       0x2d ./Drivers/STM32F1xx_HAL_Driver/Src/stm32f1xx_hal_rcc.o
 .ARM.attributes
                0x000002b4       0x2d C:/ST/STM32CubeIDE_1.15.1/STM32CubeIDE/plugins/com.st.stm32cube.ide.mcu.externaltools.gnu-tools-for-stm32.12.3.rel1.win32_1.1.0.202410251130/tools/bin/../lib/gcc/arm-none-eabi/12.3.1/../../../../arm-none-eabi/lib/thumb/v7-m/nofp\libc_nano.a(libc_a-memset.o)
 .ARM.attributes
                0x000002e1       0x2d C:/ST/STM32CubeIDE_1.15.1/STM32CubeIDE/plugins/com.st.stm32cube.ide.mcu.externaltools.gnu-tools-for-stm32.12.3.rel1.win32_1.1.0.202410251130/tools/bin/../lib/gcc/arm-none-eabi/12.3.1/../../../../arm-none-eabi/lib/thumb/v7-m/nofp\libc_nano.a(libc_a-init.o)
 .ARM.attributes
                0x0000030e       0x17 C:/ST/STM32CubeIDE_1.15.1/STM32CubeIDE/plugins/com.st.stm32cube.ide.mcu.externaltools.gnu-tools-for-stm32.12.3.rel1.win32_1.1.0.202410251130/tools/bin/../lib/gcc/arm-none-eabi/12.3.1/../../../../arm-none-eabi/lib/thumb/v7-m/nofp\libc_nano.a(libc_a-strlen.o)
 .ARM.attributes
                0x00000325       0x1d C:/ST/STM32CubeIDE_1.15.1/STM32CubeIDE/plugins/com.st.stm32cube.ide.mcu.externaltools.gnu-tools-for-stm32.12.3.rel1.win32_1.1.0.202410251130/tools/bin/../lib/gcc/arm-none-eabi/12.3.1/thumb/v7-m/nofp\libgcc.a(_aeabi_uldivmod.o)
 .ARM.attributes
                0x00000342       0x2d C:/ST/STM32CubeIDE_1.15.1/STM32CubeIDE/plugins/com.st.stm32cube.ide.mcu.externaltools.gnu-tools-for-stm32.12.3.rel1.win32_1.1.0.202410251130/tools/bin/../lib/gcc/arm-none-eabi/12.3.1/thumb/v7-m/nofp\libgcc.a(_udivmoddi4.o)
 .ARM.attributes
                0x0000036f       0x1d C:/ST/STM32CubeIDE_1.15.1/STM32CubeIDE/plugins/com.st.stm32cube.ide.mcu.externaltools.gnu-tools-for-stm32.12.3.rel1.win32_1.1.0.202410251130/tools/bin/../lib/gcc/arm-none-eabi/12.3.1/thumb/v7-m/nofp\libgcc.a(_dvmd_tls.o)
 .ARM.attributes
                0x0000038c       0x1d C:/ST/STM32CubeIDE_1.15.1/STM32CubeIDE/plugins/com.st.stm32cube.ide.mcu.externaltools.gnu-tools-for-stm32.12.3.rel1.win32_1.1.0.202410251130/tools/bin/../lib/gcc/arm-none-eabi/12.3.1/thumb/v7-m/nofp/crtn.o
OUTPUT(SR16-ChargingDash.elf elf32-littlearm)
LOAD linker stubs
LOAD C:/ST/STM32CubeIDE_1.15.1/STM32CubeIDE/plugins/com.st.stm32cube.ide.mcu.externaltools.gnu-tools-for-stm32.12.3.rel1.win32_1.1.0.202410251130/tools/bin/../lib/gcc/arm-none-eabi/12.3.1/../../../../arm-none-eabi/lib/thumb/v7-m/nofp\libc.a
LOAD C:/ST/STM32CubeIDE_1.15.1/STM32CubeIDE/plugins/com.st.stm32cube.ide.mcu.externaltools.gnu-tools-for-stm32.12.3.rel1.win32_1.1.0.202410251130/tools/bin/../lib/gcc/arm-none-eabi/12.3.1/../../../../arm-none-eabi/lib/thumb/v7-m/nofp\libm.a
LOAD C:/ST/STM32CubeIDE_1.15.1/STM32CubeIDE/plugins/com.st.stm32cube.ide.mcu.externaltools.gnu-tools-for-stm32.12.3.rel1.win32_1.1.0.202410251130/tools/bin/../lib/gcc/arm-none-eabi/12.3.1/thumb/v7-m/nofp\libgcc.a

.debug_info     0x00000000     0x8c9f
 .debug_info    0x00000000      0x310 ./Core/Src/display.o
 .debug_info    0x00000310      0xf7d ./Core/Src/main.o
 .debug_info    0x0000128d      0xcb5 ./Core/Src/stm32f1xx_hal_msp.o
 .debug_info    0x00001f42      0x113 ./Core/Src/stm32f1xx_it.o
 .debug_info    0x00002055      0x257 ./Core/Src/system_stm32f1xx.o
 .debug_info    0x000022ac       0x30 ./Core/Startup/startup_stm32f105rbtx.o
 .debug_info    0x000022dc     0x122b ./Drivers/Display/ssd1306.o
 .debug_info    0x00003507      0x2a4 ./Drivers/Display/ssd1306_fonts.o
 .debug_info    0x000037ab      0x780 ./Drivers/STM32F1xx_HAL_Driver/Src/stm32f1xx_hal.o
 .debug_info    0x00003f2b      0xf0f ./Drivers/STM32F1xx_HAL_Driver/Src/stm32f1xx_hal_can.o
 .debug_info    0x00004e3a      0xae7 ./Drivers/STM32F1xx_HAL_Driver/Src/stm32f1xx_hal_cortex.o
 .debug_info    0x00005921      0x5c5 ./Drivers/STM32F1xx_HAL_Driver/Src/stm32f1xx_hal_gpio.o
 .debug_info    0x00005ee6     0x2524 ./Drivers/STM32F1xx_HAL_Driver/Src/stm32f1xx_hal_i2c.o
 .debug_info    0x0000840a      0x895 ./Drivers/STM32F1xx_HAL_Driver/Src/stm32f1xx_hal_rcc.o

.debug_abbrev   0x00000000     0x1ab3
 .debug_abbrev  0x00000000      0x19c ./Core/Src/display.o
 .debug_abbrev  0x0000019c      0x315 ./Core/Src/main.o
 .debug_abbrev  0x000004b1      0x1d6 ./Core/Src/stm32f1xx_hal_msp.o
 .debug_abbrev  0x00000687       0x73 ./Core/Src/stm32f1xx_it.o
 .debug_abbrev  0x000006fa      0x11a ./Core/Src/system_stm32f1xx.o
 .debug_abbrev  0x00000814       0x24 ./Core/Startup/startup_stm32f105rbtx.o
 .debug_abbrev  0x00000838      0x371 ./Drivers/Display/ssd1306.o
 .debug_abbrev  0x00000ba9       0xcf ./Drivers/Display/ssd1306_fonts.o
 .debug_abbrev  0x00000c78      0x201 ./Drivers/STM32F1xx_HAL_Driver/Src/stm32f1xx_hal.o
 .debug_abbrev  0x00000e79      0x242 ./Drivers/STM32F1xx_HAL_Driver/Src/stm32f1xx_hal_can.o
 .debug_abbrev  0x000010bb      0x2f8 ./Drivers/STM32F1xx_HAL_Driver/Src/stm32f1xx_hal_cortex.o
 .debug_abbrev  0x000013b3      0x1ca ./Drivers/STM32F1xx_HAL_Driver/Src/stm32f1xx_hal_gpio.o
 .debug_abbrev  0x0000157d      0x2a3 ./Drivers/STM32F1xx_HAL_Driver/Src/stm32f1xx_hal_i2c.o
 .debug_abbrev  0x00001820      0x293 ./Drivers/STM32F1xx_HAL_Driver/Src/stm32f1xx_hal_rcc.o

.debug_aranges  0x00000000      0x928
 .debug_aranges
                0x00000000       0x38 ./Core/Src/display.o
 .debug_aranges
                0x00000038       0x58 ./Core/Src/main.o
 .debug_aranges
                0x00000090       0x40 ./Core/Src/stm32f1xx_hal_msp.o
 .debug_aranges
                0x000000d0       0x60 ./Core/Src/stm32f1xx_it.o
 .debug_aranges
                0x00000130       0x28 ./Core/Src/system_stm32f1xx.o
 .debug_aranges
                0x00000158       0x28 ./Core/Startup/startup_stm32f105rbtx.o
 .debug_aranges
                0x00000180       0xe8 ./Drivers/Display/ssd1306.o
 .debug_aranges
                0x00000268       0x18 ./Drivers/Display/ssd1306_fonts.o
 .debug_aranges
                0x00000280       0xe0 ./Drivers/STM32F1xx_HAL_Driver/Src/stm32f1xx_hal.o
 .debug_aranges
                0x00000360      0x138 ./Drivers/STM32F1xx_HAL_Driver/Src/stm32f1xx_hal_can.o
 .debug_aranges
                0x00000498      0x100 ./Drivers/STM32F1xx_HAL_Driver/Src/stm32f1xx_hal_cortex.o
 .debug_aranges
                0x00000598       0x58 ./Drivers/STM32F1xx_HAL_Driver/Src/stm32f1xx_hal_gpio.o
 .debug_aranges
                0x000005f0      0x2a8 ./Drivers/STM32F1xx_HAL_Driver/Src/stm32f1xx_hal_i2c.o
 .debug_aranges
                0x00000898       0x90 ./Drivers/STM32F1xx_HAL_Driver/Src/stm32f1xx_hal_rcc.o

.debug_rnglists
                0x00000000      0x6ef
 .debug_rnglists
                0x00000000       0x26 ./Core/Src/display.o
 .debug_rnglists
                0x00000026       0x40 ./Core/Src/main.o
 .debug_rnglists
                0x00000066       0x2d ./Core/Src/stm32f1xx_hal_msp.o
 .debug_rnglists
                0x00000093       0x43 ./Core/Src/stm32f1xx_it.o
 .debug_rnglists
                0x000000d6       0x1a ./Core/Src/system_stm32f1xx.o
 .debug_rnglists
                0x000000f0       0x19 ./Core/Startup/startup_stm32f105rbtx.o
 .debug_rnglists
                0x00000109       0xb4 ./Drivers/Display/ssd1306.o
 .debug_rnglists
                0x000001bd       0xa3 ./Drivers/STM32F1xx_HAL_Driver/Src/stm32f1xx_hal.o
 .debug_rnglists
                0x00000260       0xed ./Drivers/STM32F1xx_HAL_Driver/Src/stm32f1xx_hal_can.o
 .debug_rnglists
                0x0000034d       0xbb ./Drivers/STM32F1xx_HAL_Driver/Src/stm32f1xx_hal_cortex.o
 .debug_rnglists
                0x00000408       0x3f ./Drivers/STM32F1xx_HAL_Driver/Src/stm32f1xx_hal_gpio.o
 .debug_rnglists
                0x00000447      0x23c ./Drivers/STM32F1xx_HAL_Driver/Src/stm32f1xx_hal_i2c.o
 .debug_rnglists
                0x00000683       0x6c ./Drivers/STM32F1xx_HAL_Driver/Src/stm32f1xx_hal_rcc.o

.debug_macro    0x00000000    0x1e38d
 .debug_macro   0x00000000      0x2a3 ./Core/Src/display.o
 .debug_macro   0x000002a3      0xaa8 ./Core/Src/display.o
 .debug_macro   0x00000d4b       0x22 ./Core/Src/display.o
 .debug_macro   0x00000d6d      0x189 ./Core/Src/display.o
 .debug_macro   0x00000ef6       0x22 ./Core/Src/display.o
 .debug_macro   0x00000f18       0x8e ./Core/Src/display.o
 .debug_macro   0x00000fa6       0x51 ./Core/Src/display.o
 .debug_macro   0x00000ff7      0x103 ./Core/Src/display.o
 .debug_macro   0x000010fa       0x6a ./Core/Src/display.o
 .debug_macro   0x00001164      0x1df ./Core/Src/display.o
 .debug_macro   0x00001343       0x61 ./Core/Src/display.o
 .debug_macro   0x000013a4       0x24 ./Core/Src/display.o
 .debug_macro   0x000013c8       0x43 ./Core/Src/display.o
 .debug_macro   0x0000140b       0x34 ./Core/Src/display.o
 .debug_macro   0x0000143f       0x52 ./Core/Src/display.o
 .debug_macro   0x00001491      0x21b ./Core/Src/display.o
 .debug_macro   0x000016ac       0x28 ./Core/Src/display.o
 .debug_macro   0x000016d4       0x22 ./Core/Src/display.o
 .debug_macro   0x000016f6       0x1c ./Core/Src/display.o
 .debug_macro   0x00001712       0x22 ./Core/Src/display.o
 .debug_macro   0x00001734       0xbd ./Core/Src/display.o
 .debug_macro   0x000017f1      0xd23 ./Core/Src/display.o
 .debug_macro   0x00002514    0x14912 ./Core/Src/display.o
 .debug_macro   0x00016e26       0x6d ./Core/Src/display.o
 .debug_macro   0x00016e93     0x34a2 ./Core/Src/display.o
 .debug_macro   0x0001a335       0x5c ./Core/Src/display.o
 .debug_macro   0x0001a391      0x5bc ./Core/Src/display.o
 .debug_macro   0x0001a94d      0x644 ./Core/Src/display.o
 .debug_macro   0x0001af91      0x1cb ./Core/Src/display.o
 .debug_macro   0x0001b15c      0x114 ./Core/Src/display.o
 .debug_macro   0x0001b270      0x214 ./Core/Src/display.o
 .debug_macro   0x0001b484       0x27 ./Core/Src/display.o
 .debug_macro   0x0001b4ab      0x13c ./Core/Src/display.o
 .debug_macro   0x0001b5e7      0x1bc ./Core/Src/display.o
 .debug_macro   0x0001b7a3       0x30 ./Core/Src/display.o
 .debug_macro   0x0001b7d3       0x3c ./Core/Src/display.o
 .debug_macro   0x0001b80f      0x40f ./Core/Src/display.o
 .debug_macro   0x0001bc1e       0x57 ./Core/Src/display.o
 .debug_macro   0x0001bc75       0x87 ./Core/Src/display.o
 .debug_macro   0x0001bcfc      0x24f ./Core/Src/display.o
 .debug_macro   0x0001bf4b      0x287 ./Core/Src/display.o
 .debug_macro   0x0001c1d2      0x140 ./Core/Src/display.o
 .debug_macro   0x0001c312       0xdf ./Core/Src/display.o
 .debug_macro   0x0001c3f1       0x40 ./Core/Src/display.o
 .debug_macro   0x0001c431       0x16 ./Core/Src/display.o
 .debug_macro   0x0001c447       0x43 ./Core/Src/display.o
 .debug_macro   0x0001c48a       0x34 ./Core/Src/display.o
 .debug_macro   0x0001c4be       0x10 ./Core/Src/display.o
 .debug_macro   0x0001c4ce       0x58 ./Core/Src/display.o
 .debug_macro   0x0001c526       0x8e ./Core/Src/display.o
 .debug_macro   0x0001c5b4       0x1c ./Core/Src/display.o
 .debug_macro   0x0001c5d0      0x177 ./Core/Src/display.o
 .debug_macro   0x0001c747      0x369 ./Core/Src/display.o
 .debug_macro   0x0001cab0       0x10 ./Core/Src/display.o
 .debug_macro   0x0001cac0       0x35 ./Core/Src/display.o
 .debug_macro   0x0001caf5       0x20 ./Core/Src/display.o
 .debug_macro   0x0001cb15      0x206 ./Core/Src/main.o
 .debug_macro   0x0001cd1b       0x2e ./Core/Src/main.o
 .debug_macro   0x0001cd49       0x64 ./Core/Src/main.o
 .debug_macro   0x0001cdad      0x1a7 ./Core/Src/stm32f1xx_hal_msp.o
 .debug_macro   0x0001cf54      0x1b1 ./Core/Src/stm32f1xx_it.o
 .debug_macro   0x0001d105      0x198 ./Core/Src/system_stm32f1xx.o
 .debug_macro   0x0001d29d      0x2c3 ./Drivers/Display/ssd1306.o
 .debug_macro   0x0001d560      0x19b ./Drivers/Display/ssd1306.o
 .debug_macro   0x0001d6fb       0x16 ./Drivers/Display/ssd1306.o
 .debug_macro   0x0001d711      0x1ee ./Drivers/Display/ssd1306_fonts.o
 .debug_macro   0x0001d8ff      0x1bc ./Drivers/STM32F1xx_HAL_Driver/Src/stm32f1xx_hal.o
 .debug_macro   0x0001dabb      0x1a7 ./Drivers/STM32F1xx_HAL_Driver/Src/stm32f1xx_hal_can.o
 .debug_macro   0x0001dc62      0x198 ./Drivers/STM32F1xx_HAL_Driver/Src/stm32f1xx_hal_cortex.o
 .debug_macro   0x0001ddfa      0x203 ./Drivers/STM32F1xx_HAL_Driver/Src/stm32f1xx_hal_gpio.o
 .debug_macro   0x0001dffd      0x1e6 ./Drivers/STM32F1xx_HAL_Driver/Src/stm32f1xx_hal_i2c.o
 .debug_macro   0x0001e1e3      0x1aa ./Drivers/STM32F1xx_HAL_Driver/Src/stm32f1xx_hal_rcc.o

.debug_line     0x00000000     0xbeeb
 .debug_line    0x00000000      0x94b ./Core/Src/display.o
 .debug_line    0x0000094b      0x9d1 ./Core/Src/main.o
 .debug_line    0x0000131c      0x781 ./Core/Src/stm32f1xx_hal_msp.o
 .debug_line    0x00001a9d      0x7a4 ./Core/Src/stm32f1xx_it.o
 .debug_line    0x00002241      0x797 ./Core/Src/system_stm32f1xx.o
 .debug_line    0x000029d8       0x78 ./Core/Startup/startup_stm32f105rbtx.o
 .debug_line    0x00002a50     0x1122 ./Drivers/Display/ssd1306.o
 .debug_line    0x00003b72      0x7df ./Drivers/Display/ssd1306_fonts.o
 .debug_line    0x00004351      0x98f ./Drivers/STM32F1xx_HAL_Driver/Src/stm32f1xx_hal.o
 .debug_line    0x00004ce0     0x1174 ./Drivers/STM32F1xx_HAL_Driver/Src/stm32f1xx_hal_can.o
 .debug_line    0x00005e54      0xb79 ./Drivers/STM32F1xx_HAL_Driver/Src/stm32f1xx_hal_cortex.o
 .debug_line    0x000069cd      0xa26 ./Drivers/STM32F1xx_HAL_Driver/Src/stm32f1xx_hal_gpio.o
 .debug_line    0x000073f3     0x3c2a ./Drivers/STM32F1xx_HAL_Driver/Src/stm32f1xx_hal_i2c.o
 .debug_line    0x0000b01d      0xece ./Drivers/STM32F1xx_HAL_Driver/Src/stm32f1xx_hal_rcc.o

.debug_str      0x00000000    0xae194
 .debug_str     0x00000000    0xaa727 ./Core/Src/display.o
                              0xaaa83 (size before relaxing)
 .debug_str     0x000aa727      0xb79 ./Core/Src/main.o
                              0xa8707 (size before relaxing)
 .debug_str     0x000ab2a0       0xae ./Core/Src/stm32f1xx_hal_msp.o
                              0xa7e9b (size before relaxing)
 .debug_str     0x000ab34e       0xc9 ./Core/Src/stm32f1xx_it.o
                              0xa771e (size before relaxing)
 .debug_str     0x000ab417       0xb1 ./Core/Src/system_stm32f1xx.o
                              0xa75f1 (size before relaxing)
 .debug_str     0x000ab4c8       0x44 ./Core/Startup/startup_stm32f105rbtx.o
                                 0x84 (size before relaxing)
 .debug_str     0x000ab50c      0xc91 ./Drivers/Display/ssd1306.o
                              0xabab7 (size before relaxing)
 .debug_str     0x000ac19d       0x92 ./Drivers/Display/ssd1306_fonts.o
                              0xa7b3c (size before relaxing)
 .debug_str     0x000ac22f      0x6be ./Drivers/STM32F1xx_HAL_Driver/Src/stm32f1xx_hal.o
                              0xa7dcb (size before relaxing)
 .debug_str     0x000ac8ed      0x58a ./Drivers/STM32F1xx_HAL_Driver/Src/stm32f1xx_hal_can.o
                              0xa7dbe (size before relaxing)
 .debug_str     0x000ace77      0x289 ./Drivers/STM32F1xx_HAL_Driver/Src/stm32f1xx_hal_cortex.o
                              0xa7d09 (size before relaxing)
 .debug_str     0x000ad100      0x2c6 ./Drivers/STM32F1xx_HAL_Driver/Src/stm32f1xx_hal_gpio.o
                              0xa794a (size before relaxing)
 .debug_str     0x000ad3c6      0xbaa ./Drivers/STM32F1xx_HAL_Driver/Src/stm32f1xx_hal_i2c.o
                              0xa867d (size before relaxing)
 .debug_str     0x000adf70      0x224 ./Drivers/STM32F1xx_HAL_Driver/Src/stm32f1xx_hal_rcc.o
                              0xa7a60 (size before relaxing)

.comment        0x00000000       0x43
 .comment       0x00000000       0x43 ./Core/Src/display.o
                                 0x44 (size before relaxing)
 .comment       0x00000043       0x44 ./Core/Src/main.o
 .comment       0x00000043       0x44 ./Core/Src/stm32f1xx_hal_msp.o
 .comment       0x00000043       0x44 ./Core/Src/stm32f1xx_it.o
 .comment       0x00000043       0x44 ./Core/Src/system_stm32f1xx.o
 .comment       0x00000043       0x44 ./Drivers/Display/ssd1306.o
 .comment       0x00000043       0x44 ./Drivers/Display/ssd1306_fonts.o
 .comment       0x00000043       0x44 ./Drivers/STM32F1xx_HAL_Driver/Src/stm32f1xx_hal.o
 .comment       0x00000043       0x44 ./Drivers/STM32F1xx_HAL_Driver/Src/stm32f1xx_hal_can.o
 .comment       0x00000043       0x44 ./Drivers/STM32F1xx_HAL_Driver/Src/stm32f1xx_hal_cortex.o
 .comment       0x00000043       0x44 ./Drivers/STM32F1xx_HAL_Driver/Src/stm32f1xx_hal_gpio.o
 .comment       0x00000043       0x44 ./Drivers/STM32F1xx_HAL_Driver/Src/stm32f1xx_hal_i2c.o
 .comment       0x00000043       0x44 ./Drivers/STM32F1xx_HAL_Driver/Src/stm32f1xx_hal_rcc.o

.debug_frame    0x00000000     0x2548
 .debug_frame   0x00000000       0xa0 ./Core/Src/display.o
 .debug_frame   0x000000a0      0x10c ./Core/Src/main.o
 .debug_frame   0x000001ac       0xc8 ./Core/Src/stm32f1xx_hal_msp.o
 .debug_frame   0x00000274      0x104 ./Core/Src/stm32f1xx_it.o
 .debug_frame   0x00000378       0x58 ./Core/Src/system_stm32f1xx.o
 .debug_frame   0x000003d0      0x3e0 ./Drivers/Display/ssd1306.o
 .debug_frame   0x000007b0      0x334 ./Drivers/STM32F1xx_HAL_Driver/Src/stm32f1xx_hal.o
 .debug_frame   0x00000ae4      0x5a0 ./Drivers/STM32F1xx_HAL_Driver/Src/stm32f1xx_hal_can.o
 .debug_frame   0x00001084      0x428 ./Drivers/STM32F1xx_HAL_Driver/Src/stm32f1xx_hal_cortex.o
 .debug_frame   0x000014ac      0x14c ./Drivers/STM32F1xx_HAL_Driver/Src/stm32f1xx_hal_gpio.o
 .debug_frame   0x000015f8      0xc84 ./Drivers/STM32F1xx_HAL_Driver/Src/stm32f1xx_hal_i2c.o
 .debug_frame   0x0000227c      0x220 ./Drivers/STM32F1xx_HAL_Driver/Src/stm32f1xx_hal_rcc.o
 .debug_frame   0x0000249c       0x20 C:/ST/STM32CubeIDE_1.15.1/STM32CubeIDE/plugins/com.st.stm32cube.ide.mcu.externaltools.gnu-tools-for-stm32.12.3.rel1.win32_1.1.0.202410251130/tools/bin/../lib/gcc/arm-none-eabi/12.3.1/../../../../arm-none-eabi/lib/thumb/v7-m/nofp\libc_nano.a(libc_a-memset.o)
 .debug_frame   0x000024bc       0x2c C:/ST/STM32CubeIDE_1.15.1/STM32CubeIDE/plugins/com.st.stm32cube.ide.mcu.externaltools.gnu-tools-for-stm32.12.3.rel1.win32_1.1.0.202410251130/tools/bin/../lib/gcc/arm-none-eabi/12.3.1/../../../../arm-none-eabi/lib/thumb/v7-m/nofp\libc_nano.a(libc_a-init.o)
 .debug_frame   0x000024e8       0x2c C:/ST/STM32CubeIDE_1.15.1/STM32CubeIDE/plugins/com.st.stm32cube.ide.mcu.externaltools.gnu-tools-for-stm32.12.3.rel1.win32_1.1.0.202410251130/tools/bin/../lib/gcc/arm-none-eabi/12.3.1/thumb/v7-m/nofp\libgcc.a(_aeabi_uldivmod.o)
 .debug_frame   0x00002514       0x34 C:/ST/STM32CubeIDE_1.15.1/STM32CubeIDE/plugins/com.st.stm32cube.ide.mcu.externaltools.gnu-tools-for-stm32.12.3.rel1.win32_1.1.0.202410251130/tools/bin/../lib/gcc/arm-none-eabi/12.3.1/thumb/v7-m/nofp\libgcc.a(_udivmoddi4.o)

.debug_line_str
                0x00000000       0x68
 .debug_line_str
                0x00000000       0x68 ./Core/Startup/startup_stm32f105rbtx.o
